[asbreukagribv.com/index.html]
[backblue.gif]
[fade.gif]
[index.html]
[asbreukagribv.com/skin/wp-content/uploads/2022/05/banner-1-3.jpg]
[asbreukagribv.com/feed/index.rss]
[asbreukagribv.com/comments/feed/index.rss]
[asbreukagribv.com/skin/wp-content/themes/astra/assets/fonts/astra.woff]
[asbreukagribv.com/skin/wp-content/themes/astra/assets/css/minified/frontend.min﹖ver=3.9.1.css]
[asbreukagribv.com/skin/wp-content/themes/astra/assets/css/minified/menu-animation.min﹖ver=3.9.1.css]
[asbreukagribv.com/skin/wp-includes/css/dist/block-library/style.min﹖ver=6.0.2.css]
[asbreukagribv.com/skin/wp-content/plugins/wpforms-lite/assets/css/wpforms-base.min﹖ver=1.7.5.5.css]
[asbreukagribv.com/skin/wp-content/plugins/header-footer-elementor/assets/css/header-footer-elementor﹖ver=1.6.12.css]
[asbreukagribv.com/skin/wp-content/plugins/elementor/assets/lib/eicons/css/elementor-icons.min﹖ver=5.16.0.css]
[asbreukagribv.com/skin/wp-content/plugins/elementor/assets/css/frontend-lite.min﹖ver=3.7.1.css]
[asbreukagribv.com/skin/wp-content/uploads/elementor/css/post-1706﹖ver=1660737032.css]
[asbreukagribv.com/skin/wp-content/uploads/elementor/css/post-1727﹖ver=1660740896.css]
[asbreukagribv.com/skin/wp-content/uploads/elementor/css/post-357﹖ver=1660740025.css]
[asbreukagribv.com/skin/wp-content/plugins/elementor/assets/css/widget-icon-box.min.css]
[asbreukagribv.com/skin/wp-content/plugins/elementor/assets/lib/font-awesome/css/regular.min﹖ver=5.15.3.css]
[asbreukagribv.com/skin/wp-content/plugins/elementor/assets/lib/font-awesome/css/solid.min﹖ver=5.15.3.css]
[asbreukagribv.com/skin/wp-content/uploads/elementor/css/post-1726﹖ver=1660821795.css]
[asbreukagribv.com/skin/wp-content/plugins/header-footer-elementor/inc/widgets-css/frontend﹖ver=1.6.12.css]
[asbreukagribv.com/skin/wp-content/uploads/elementor/css/post-256﹖ver=1660737032.css]
[asbreukagribv.com/skin/wp-content/uploads/elementor/css/post-1725﹖ver=1660739991.css]
[asbreukagribv.com/skin/wp-content/plugins/elementor/assets/lib/font-awesome/css/fontawesome.min﹖ver=5.15.3.css]
[asbreukagribv.com/skin/wp-content/uploads/elementor/css/post-1724﹖ver=1660737059.css]
[asbreukagribv.com/skin/wp-includes/js/jquery/jquery.min﹖ver=3.6.0.js]
[asbreukagribv.com/skin/wp-includes/js/jquery/jquery-migrate.min﹖ver=3.3.2.js]
[asbreukagribv.com/skin/wp-content/plugins/itr-popup/scripts/itro-scripts﹖ver=6.0.2.js]
[asbreukagribv.com/wp-json/index.json]
[asbreukagribv.com/wp-json/wp/v2/pages/1724.json]
[asbreukagribv.com/xmlrpc.php﹖rsd.xml]
[asbreukagribv.com/skin/wp-includes/wlwmanifest.xml.html]
[asbreukagribv.com/wp-json/oembed/1.0/embed﹖url=https﹕ꤷꤷasbreukagribv.comꤷ.json]
[asbreukagribv.com/wp-json/oembed/1.0/embed﹖url=https﹕ꤷꤷasbreukagribv.comꤷ&format=xml.xml]
[asbreukagribv.com/fav.png]
[asbreukagribv.com/bv_logo.png]
[asbreukagribv.com/category-with-products.html]
[asbreukagribv.com/about-us.html]
[asbreukagribv.com/quality.html]
[asbreukagribv.com/contact.html]
[asbreukagribv.com/header-slide.gif]
[asbreukagribv.com/skin/wp-content/uploads/2022/05/analysis-2-1-e1652786085745.png]
[asbreukagribv.com/skin/wp-content/uploads/2022/05/Chart-VCPL-31-Final-1-removebg-preview-1-1.png]
[asbreukagribv.com/skin/wp-content/uploads/2021/01/pharma-template-dot-bg.svg]
[asbreukagribv.com/skin/wp-content/themes/astra/assets/js/minified/frontend.min﹖ver=3.9.1.js]
[asbreukagribv.com/skin/wp-content/plugins/elementor/assets/lib/jquery-numerator/jquery-numerator.min﹖ver=0.2.1.js]
[asbreukagribv.com/skin/wp-content/plugins/elementor/assets/js/webpack.runtime.min﹖ver=3.7.1.js]
[asbreukagribv.com/skin/wp-content/plugins/elementor/assets/js/frontend-modules.min﹖ver=3.7.1.js]
[asbreukagribv.com/skin/wp-content/plugins/elementor/assets/lib/waypoints/waypoints.min﹖ver=4.0.2.js]
[asbreukagribv.com/skin/wp-includes/js/jquery/ui/core.min﹖ver=1.13.1.js]
[asbreukagribv.com/skin/wp-content/plugins/elementor/assets/js/frontend.min﹖ver=3.7.1.js]
[asbreukagribv.com/skin/wp-includes/js/underscore.min﹖ver=1.13.3.js]
[asbreukagribv.com/skin/wp-content/plugins/wpforms-lite/assets/js/integrations/elementor/frontend.min﹖ver=1.7.5.5.js]
[asbreukagribv.com/skin/wp-content/plugins/wpforms-lite/assets/lib/jquery.validate.min﹖ver=1.19.4.js]
[asbreukagribv.com/skin/wp-content/plugins/wpforms-lite/assets/lib/mailcheck.min﹖ver=1.1.2.js]
[asbreukagribv.com/skin/wp-content/plugins/wpforms-lite/assets/lib/punycode.min﹖ver=1.0.0.js]
[asbreukagribv.com/skin/wp-content/plugins/wpforms-lite/assets/js/wpforms.min﹖ver=1.7.5.5.js]
[asbreukagribv.com/skin/wp-includes/js/wp-util.min﹖ver=6.0.2.js]
[asbreukagribv.com/index.html]
[asbreukagribv.com/feed/index.html]
[asbreukagribv.com/comments/feed/index.html]
[asbreukagribv.com/skin/wp-content/themes/astra/assets/css/minified/frontend.min﹖ver=3.9.1.css]
[asbreukagribv.com/skin/wp-content/themes/astra/assets/css/minified/menu-animation.min﹖ver=3.9.1.css]
[asbreukagribv.com/skin/wp-includes/css/dist/block-library/style.min﹖ver=6.0.2.css]
[asbreukagribv.com/skin/wp-content/plugins/wpforms-lite/assets/images/times-solid-white.svg]
[asbreukagribv.com/skin/wp-content/plugins/wpforms-lite/assets/css/wpforms-base.min﹖ver=1.7.5.5.css]
[asbreukagribv.com/skin/wp-content/plugins/header-footer-elementor/assets/css/header-footer-elementor﹖ver=1.6.12.css]
[asbreukagribv.com/skin/wp-content/plugins/elementor/assets/lib/eicons/fonts/eicons﹖5.16.0.eot]
[asbreukagribv.com/skin/wp-content/plugins/elementor/assets/lib/eicons/fonts/eicons﹖5.16.0.woff2]
[asbreukagribv.com/skin/wp-content/plugins/elementor/assets/lib/eicons/fonts/eicons﹖5.16.0.woff]
[asbreukagribv.com/skin/wp-content/plugins/elementor/assets/lib/eicons/fonts/eicons﹖5.16.0.ttf]
[asbreukagribv.com/skin/wp-content/plugins/elementor/assets/lib/eicons/fonts/eicons﹖5.16.0.svg]
[asbreukagribv.com/skin/wp-content/plugins/elementor/assets/lib/eicons/css/elementor-icons.min﹖ver=5.16.0.css]
[asbreukagribv.com/skin/wp-content/plugins/elementor/assets/css/frontend-lite.min﹖ver=3.7.1.css]
[asbreukagribv.com/skin/wp-content/uploads/elementor/css/post-1706﹖ver=1660737032.css]
[asbreukagribv.com/skin/wp-content/uploads/elementor/css/post-1727﹖ver=1660740896.css]
[asbreukagribv.com/skin/wp-content/uploads/elementor/css/post-357﹖ver=1660740025.css]
[asbreukagribv.com/skin/wp-content/plugins/elementor/assets/css/widget-icon-box.min.css]
[asbreukagribv.com/skin/wp-content/uploads/2021/01/pharma-company-template-hero-bg.svg]
[asbreukagribv.com/skin/wp-content/plugins/elementor/assets/lib/font-awesome/webfonts/fa-regular-400.eot]
[asbreukagribv.com/skin/wp-content/plugins/elementor/assets/lib/font-awesome/webfonts/fa-regular-400﹖.eot]
[asbreukagribv.com/skin/wp-content/plugins/elementor/assets/lib/font-awesome/webfonts/fa-regular-400.woff2]
[asbreukagribv.com/skin/wp-content/plugins/elementor/assets/lib/font-awesome/webfonts/fa-regular-400.woff]
[asbreukagribv.com/skin/wp-content/plugins/elementor/assets/lib/font-awesome/webfonts/fa-regular-400.ttf]
[asbreukagribv.com/skin/wp-content/plugins/elementor/assets/lib/font-awesome/webfonts/fa-regular-400.svg]
[asbreukagribv.com/skin/wp-content/plugins/elementor/assets/lib/font-awesome/css/regular.min﹖ver=5.15.3.css]
[asbreukagribv.com/skin/wp-content/plugins/elementor/assets/lib/font-awesome/webfonts/fa-solid-900.eot]
[asbreukagribv.com/skin/wp-content/plugins/elementor/assets/lib/font-awesome/webfonts/fa-solid-900﹖.eot]
[asbreukagribv.com/skin/wp-content/plugins/elementor/assets/lib/font-awesome/webfonts/fa-solid-900.woff2]
[asbreukagribv.com/skin/wp-content/plugins/elementor/assets/lib/font-awesome/webfonts/fa-solid-900.woff]
[asbreukagribv.com/skin/wp-content/plugins/elementor/assets/lib/font-awesome/webfonts/fa-solid-900.ttf]
[asbreukagribv.com/skin/wp-content/plugins/elementor/assets/lib/font-awesome/css/solid.min﹖ver=5.15.3.css]
[asbreukagribv.com/skin/wp-content/uploads/elementor/css/post-1726﹖ver=1660821795.css]
[asbreukagribv.com/skin/wp-content/plugins/header-footer-elementor/inc/widgets-css/frontend﹖ver=1.6.12.css]
[asbreukagribv.com/skin/wp-content/uploads/elementor/css/post-256﹖ver=1660737032.css]
[asbreukagribv.com/skin/wp-content/uploads/elementor/css/post-1725﹖ver=1660739991.css]
[asbreukagribv.com/skin/wp-content/plugins/elementor/assets/lib/font-awesome/css/fontawesome.min﹖ver=5.15.3.css]
[asbreukagribv.com/skin/wp-content/plugins/elementor/assets/lib/font-awesome/webfonts/fa-solid-900.svg]
[asbreukagribv.com/skin/wp-content/uploads/elementor/css/post-1724﹖ver=1660737059.css]
[asbreukagribv.com/wp-json/index.html]
[asbreukagribv.com/wp-json/wp/v2/pages/1724.html]
[asbreukagribv.com/xmlrpc.php﹖rsd.html]
[asbreukagribv.com/skin/wp-includes/wlwmanifest.xml.html]
[asbreukagribv.com/wp-json/oembed/1.0/embed﹖url=https﹕ꤷꤷasbreukagribv.comꤷ.html]
[asbreukagribv.com/wp-json/oembed/1.0/embed﹖url=https﹕ꤷꤷasbreukagribv.comꤷ&format=xml.html]
[asbreukagribv.com/skin/wp-content/uploads/2022/05/map-pattern.png]
[asbreukagribv.com/category/grains-rice.html]
[asbreukagribv.com/category/edible-seeds-nuts.html]
[asbreukagribv.com/category/sprouting-seeds.html]
[asbreukagribv.com/category/pulses.html]
[asbreukagribv.com/category/bird-feed.html]
[asbreukagribv.com/category/others-assorted.html]
[asbreukagribv.com/category/vegetable-oils.html]
[asbreukagribv.com/category/frozen-foods.html]
[asbreukagribv.com/category/fruits-and-vegetables.html]
[asbreukagribv.com/category/dairy-products.html]
[asbreukagribv.com/product-details/beans.html]
[asbreukagribv.com/content/pictures/Fri_11_01_20_863b804a853cdb.jpg]
[asbreukagribv.com/product-details/lentils.html]
[asbreukagribv.com/content/pictures/Fri_11_01_12_863b805cc8d0a7.jpg]
[asbreukagribv.com/product-details/peas.html]
[asbreukagribv.com/content/pictures/Fri_11_01_13_863b806f9ab7e8.jpg]
[asbreukagribv.com/product-details/edible-seeds-nuts.html]
[asbreukagribv.com/content/pictures/Fri_11_01_02_863b807de6df45.jpg]
[asbreukagribv.com/product-details/sprouting-seeds.html]
[asbreukagribv.com/content/pictures/Fri_11_01_51_863b8084bcb3c6.jpg]
[asbreukagribv.com/product-details/grains-rice.html]
[asbreukagribv.com/content/pictures/Fri_11_01_51_863b808c368d94.jpg]
[asbreukagribv.com/product-details/bird-feed.html]
[asbreukagribv.com/content/pictures/Fri_11_01_17_863b80955e0ff8.jpg]
[asbreukagribv.com/product-details/others-assorted-products.html]
[asbreukagribv.com/content/pictures/Fri_11_01_00_863b809bca544f.jpg]
[asbreukagribv.com/product-details/edible-oil.html]
[asbreukagribv.com/content/pictures/Mon_15_01_32_863bc378cba902.jpg]
[asbreukagribv.com/product-details/frozen-meat.html]
[asbreukagribv.com/content/pictures/Wed_05_01_43_863be47a33abd0.jpg]
[asbreukagribv.com/product-details/frozen-seafood.html]
[asbreukagribv.com/content/pictures/Wed_05_01_21_863be480532c58.jpg]
[asbreukagribv.com/product-details/frozen-potato-products.html]
[asbreukagribv.com/content/pictures/Wed_05_01_04_863be486cc9e4e.jpg]
[asbreukagribv.com/product-details/frozen-vegetables.html]
[asbreukagribv.com/content/pictures/Wed_05_01_30_863be48c29be0e.jpg]
[asbreukagribv.com/product-details/frozen-fruits.html]
[asbreukagribv.com/content/pictures/Wed_05_01_52_863be49146f604.jpg]
[asbreukagribv.com/content/pictures/Wed_05_01_17_863be4bc1aeaec.jpg]
[asbreukagribv.com/product-details/fresh-vegetables.html]
[asbreukagribv.com/product-details/fresh-fruits.html]
[asbreukagribv.com/content/pictures/Wed_05_01_00_863be4c64879df.jpg]
[asbreukagribv.com/product-details/dairy-products.html]
[asbreukagribv.com/content/pictures/Wed_11_01_59_863be9763d10ae.jpg]
[asbreukagribv.com/product-details/skimmed-milk-powder.html]
[asbreukagribv.com/content/pictures/Thu_06_01_37_863bfa241ecea5.jpg]
[asbreukagribv.com/content/pictures/Thu_06_01_53_863bfa28d6e364.jpg]
[asbreukagribv.com/product-details/whey-protein.html]
[asbreukagribv.com/content/pictures/Thu_06_01_25_863bfa2e97635b.jpg]
[asbreukagribv.com/product-details/organic-milk.html]
[asbreukagribv.com/content/pictures/Thu_06_01_22_863bfa35e3d6e9.jpg]
[asbreukagribv.com/product-details/coconut-milk.html]
[asbreukagribv.com/product-details/infant-baby-formula.html]
[asbreukagribv.com/content/pictures/Thu_06_01_30_863bfa3a29c27d.jpg]
[asbreukagribv.com/product-details/cheese.html]
[asbreukagribv.com/content/pictures/Thu_06_01_48_863bfa3f006c03.jpg]
[asbreukagribv.com/category-with-products.html]
[asbreukagribv.com/about.png]
[asbreukagribv.com/vision.png]
[asbreukagribv.com/wp-content/plugins/elementor/assets/css/widget-icon-box.min.css]
[asbreukagribv.com/about-us.html]
[asbreukagribv.com/quality.jpg]
[asbreukagribv.com/quality.html]
[asbreukagribv.com/contact.html]
[asbreukagribv.com/skin/wp-content/uploads/2021/01/pharma-template-dot-bg.svg]
[asbreukagribv.com/skin/wp-content/plugins/wpforms-lite/assets/images/times-solid-white.svg]
[asbreukagribv.com/skin/wp-content/plugins/elementor/assets/lib/eicons/fonts/eicons﹖5.16.0.svg]
[asbreukagribv.com/skin/wp-content/uploads/2021/01/pharma-company-template-hero-bg.svg]
[asbreukagribv.com/skin/wp-content/plugins/elementor/assets/lib/font-awesome/webfonts/fa-regular-400.svg]
[asbreukagribv.com/skin/wp-content/plugins/elementor/assets/lib/font-awesome/webfonts/fa-solid-900.svg]
[asbreukagribv.com/category/feed/index.rss]
[asbreukagribv.com/category/comments/feed/index.rss]
[asbreukagribv.com/category/wp-json/index.json]
[asbreukagribv.com/category/wp-json/wp/v2/pages/1724.json]
[asbreukagribv.com/category/xmlrpc.php﹖rsd.xml]
[asbreukagribv.com/category/wp-json/oembed/1.0/embed﹖url=https﹕ꤷꤷasbreukagribv.comꤷ.json]
[asbreukagribv.com/category/wp-json/oembed/1.0/embed﹖url=https﹕ꤷꤷasbreukagribv.comꤷ&format=xml.xml]
[asbreukagribv.com/category/grains-rice.html]
[asbreukagribv.com/category/edible-seeds-nuts.html]
[asbreukagribv.com/category/sprouting-seeds.html]
[asbreukagribv.com/category/pulses.html]
[asbreukagribv.com/category/bird-feed.html]
[asbreukagribv.com/category/others-assorted.html]
[asbreukagribv.com/category/vegetable-oils.html]
[asbreukagribv.com/category/frozen-foods.html]
[asbreukagribv.com/category/fruits-and-vegetables.html]
[asbreukagribv.com/category/dairy-products.html]
[asbreukagribv.com/product-details/feed/index.rss]
[asbreukagribv.com/product-details/comments/feed/index.rss]
[asbreukagribv.com/product-details/wp-json/index.json]
[asbreukagribv.com/product-details/wp-json/wp/v2/pages/1724.json]
[asbreukagribv.com/product-details/xmlrpc.php﹖rsd.xml]
[asbreukagribv.com/product-details/wp-json/oembed/1.0/embed﹖url=https﹕ꤷꤷasbreukagribv.comꤷ.json]
[asbreukagribv.com/product-details/wp-json/oembed/1.0/embed﹖url=https﹕ꤷꤷasbreukagribv.comꤷ&format=xml.xml]
[asbreukagribv.com/product-details/beans.html]
[asbreukagribv.com/product-details/lentils.html]
[asbreukagribv.com/product-details/peas.html]
[asbreukagribv.com/product-details/edible-seeds-nuts.html]
[asbreukagribv.com/product-details/sprouting-seeds.html]
[asbreukagribv.com/product-details/grains-rice.html]
[asbreukagribv.com/product-details/bird-feed.html]
[asbreukagribv.com/product-details/others-assorted-products.html]
[asbreukagribv.com/product-details/edible-oil.html]
[asbreukagribv.com/product-details/frozen-meat.html]
[asbreukagribv.com/product-details/frozen-seafood.html]
[asbreukagribv.com/product-details/frozen-potato-products.html]
[asbreukagribv.com/product-details/frozen-vegetables.html]
[asbreukagribv.com/product-details/frozen-fruits.html]
[asbreukagribv.com/product-details/fresh-vegetables.html]
[asbreukagribv.com/product-details/fresh-fruits.html]
[asbreukagribv.com/product-details/dairy-products.html]
[asbreukagribv.com/product-details/skimmed-milk-powder.html]
[asbreukagribv.com/product-details/whey-protein.html]
[asbreukagribv.com/product-details/organic-milk.html]
[asbreukagribv.com/product-details/coconut-milk.html]
[asbreukagribv.com/product-details/infant-baby-formula.html]
[asbreukagribv.com/product-details/cheese.html]
[asbreukagribv.com/wp-content/plugins/elementor/assets/css/widget-icon-box.min.html]
[asbreukagribv.com/category/feed/index.html]
[asbreukagribv.com/category/comments/feed/index.html]
[asbreukagribv.com/category/wp-json/index.html]
[asbreukagribv.com/category/wp-json/wp/v2/pages/1724.html]
[asbreukagribv.com/category/wp-json/oembed/1.0/embed﹖url=https﹕ꤷꤷasbreukagribv.comꤷ.html]
[asbreukagribv.com/category/wp-json/oembed/1.0/embed﹖url=https﹕ꤷꤷasbreukagribv.comꤷ&format=xml.html]
[asbreukagribv.com/product-details/feed/index.html]
[asbreukagribv.com/product-details/comments/feed/index.html]
[asbreukagribv.com/product-details/wp-json/index.html]
[asbreukagribv.com/product-details/wp-json/wp/v2/pages/1724.html]
[asbreukagribv.com/product-details/wp-json/oembed/1.0/embed﹖url=https﹕ꤷꤷasbreukagribv.comꤷ.html]
[asbreukagribv.com/product-details/wp-json/oembed/1.0/embed﹖url=https﹕ꤷꤷasbreukagribv.comꤷ&format=xml.html]
[asbreukagribv.com/category/xmlrpc.php﹖rsd.html]
[asbreukagribv.com/category/xmlrpc.php﹖rsd.html]
[asbreukagribv.com/product-details/xmlrpc.php﹖rsd.html]
[asbreukagribv.com/category/xmlrpc.php﹖rsd.html]
[asbreukagribv.com/product-details/xmlrpc.php﹖rsd.html]
[asbreukagribv.com/product-details/xmlrpc.php﹖rsd.html]
